// Jest Snapshot v1, https://goo.gl/fbAQLP

exports[`battle returns turnLog 1`] = `
Array [
  Object {
    "action": Object {
      "targetAfter": Object {
        "agl": 8,
        "attack": 12,
        "def": -3,
        "hp": 20,
        "id": 3,
        "movePoints": 8,
        "name": "Sadomasochist Golem",
        "partyId": "Foes",
      },
      "targetBefore": Object {
        "agl": 8,
        "attack": 12,
        "def": -3,
        "hp": 35,
        "id": 3,
        "movePoints": 8,
        "name": "Sadomasochist Golem",
        "partyId": "Foes",
      },
    },
    "actor": Object {
      "agl": 21,
      "attack": 12,
      "def": 6,
      "hp": 100,
      "id": 2,
      "movePoints": 21,
      "name": "Sawa",
      "partyId": "Allies",
    },
    "units": Array [
      Object {
        "agl": 17,
        "attack": 21,
        "def": 12,
        "hp": 120,
        "id": 1,
        "movePoints": 17,
        "name": "Penguin",
        "partyId": "Allies",
      },
      Object {
        "agl": 21,
        "attack": 12,
        "def": 6,
        "hp": 100,
        "id": 2,
        "movePoints": 15,
        "name": "Sawa",
        "partyId": "Allies",
      },
      Object {
        "agl": 8,
        "attack": 12,
        "def": -3,
        "hp": 20,
        "id": 3,
        "movePoints": 8,
        "name": "Sadomasochist Golem",
        "partyId": "Foes",
      },
      Object {
        "agl": 10,
        "attack": 18,
        "def": 3,
        "hp": 50,
        "id": 4,
        "movePoints": 10,
        "name": "Golem Lord",
        "partyId": "Foes",
      },
    ],
  },
  Object {
    "action": Object {
      "targetAfter": Object {
        "agl": 8,
        "attack": 12,
        "def": -3,
        "hp": -4,
        "id": 3,
        "movePoints": 8,
        "name": "Sadomasochist Golem",
        "partyId": "Foes",
      },
      "targetBefore": Object {
        "agl": 8,
        "attack": 12,
        "def": -3,
        "hp": 20,
        "id": 3,
        "movePoints": 8,
        "name": "Sadomasochist Golem",
        "partyId": "Foes",
      },
    },
    "actor": Object {
      "agl": 17,
      "attack": 21,
      "def": 12,
      "hp": 120,
      "id": 1,
      "movePoints": 17,
      "name": "Penguin",
      "partyId": "Allies",
    },
    "units": Array [
      Object {
        "agl": 17,
        "attack": 21,
        "def": 12,
        "hp": 120,
        "id": 1,
        "movePoints": 11,
        "name": "Penguin",
        "partyId": "Allies",
      },
      Object {
        "agl": 21,
        "attack": 12,
        "def": 6,
        "hp": 100,
        "id": 2,
        "movePoints": 15,
        "name": "Sawa",
        "partyId": "Allies",
      },
      Object {
        "agl": 10,
        "attack": 18,
        "def": 3,
        "hp": 50,
        "id": 4,
        "movePoints": 10,
        "name": "Golem Lord",
        "partyId": "Foes",
      },
    ],
  },
  Object {
    "action": Object {
      "targetAfter": Object {
        "agl": 10,
        "attack": 18,
        "def": 3,
        "hp": 41,
        "id": 4,
        "movePoints": 10,
        "name": "Golem Lord",
        "partyId": "Foes",
      },
      "targetBefore": Object {
        "agl": 10,
        "attack": 18,
        "def": 3,
        "hp": 50,
        "id": 4,
        "movePoints": 10,
        "name": "Golem Lord",
        "partyId": "Foes",
      },
    },
    "actor": Object {
      "agl": 21,
      "attack": 12,
      "def": 6,
      "hp": 100,
      "id": 2,
      "movePoints": 15,
      "name": "Sawa",
      "partyId": "Allies",
    },
    "units": Array [
      Object {
        "agl": 17,
        "attack": 21,
        "def": 12,
        "hp": 120,
        "id": 1,
        "movePoints": 11,
        "name": "Penguin",
        "partyId": "Allies",
      },
      Object {
        "agl": 21,
        "attack": 12,
        "def": 6,
        "hp": 100,
        "id": 2,
        "movePoints": 9,
        "name": "Sawa",
        "partyId": "Allies",
      },
      Object {
        "agl": 10,
        "attack": 18,
        "def": 3,
        "hp": 41,
        "id": 4,
        "movePoints": 10,
        "name": "Golem Lord",
        "partyId": "Foes",
      },
    ],
  },
  Object {
    "action": Object {
      "targetAfter": Object {
        "agl": 10,
        "attack": 18,
        "def": 3,
        "hp": 23,
        "id": 4,
        "movePoints": 10,
        "name": "Golem Lord",
        "partyId": "Foes",
      },
      "targetBefore": Object {
        "agl": 10,
        "attack": 18,
        "def": 3,
        "hp": 41,
        "id": 4,
        "movePoints": 10,
        "name": "Golem Lord",
        "partyId": "Foes",
      },
    },
    "actor": Object {
      "agl": 17,
      "attack": 21,
      "def": 12,
      "hp": 120,
      "id": 1,
      "movePoints": 11,
      "name": "Penguin",
      "partyId": "Allies",
    },
    "units": Array [
      Object {
        "agl": 17,
        "attack": 21,
        "def": 12,
        "hp": 120,
        "id": 1,
        "movePoints": 5,
        "name": "Penguin",
        "partyId": "Allies",
      },
      Object {
        "agl": 21,
        "attack": 12,
        "def": 6,
        "hp": 100,
        "id": 2,
        "movePoints": 9,
        "name": "Sawa",
        "partyId": "Allies",
      },
      Object {
        "agl": 10,
        "attack": 18,
        "def": 3,
        "hp": 23,
        "id": 4,
        "movePoints": 10,
        "name": "Golem Lord",
        "partyId": "Foes",
      },
    ],
  },
  Object {
    "action": Object {
      "targetAfter": Object {
        "agl": 21,
        "attack": 12,
        "def": 6,
        "hp": 88,
        "id": 2,
        "movePoints": 9,
        "name": "Sawa",
        "partyId": "Allies",
      },
      "targetBefore": Object {
        "agl": 21,
        "attack": 12,
        "def": 6,
        "hp": 100,
        "id": 2,
        "movePoints": 9,
        "name": "Sawa",
        "partyId": "Allies",
      },
    },
    "actor": Object {
      "agl": 10,
      "attack": 18,
      "def": 3,
      "hp": 23,
      "id": 4,
      "movePoints": 10,
      "name": "Golem Lord",
      "partyId": "Foes",
    },
    "units": Array [
      Object {
        "agl": 17,
        "attack": 21,
        "def": 12,
        "hp": 120,
        "id": 1,
        "movePoints": 5,
        "name": "Penguin",
        "partyId": "Allies",
      },
      Object {
        "agl": 21,
        "attack": 12,
        "def": 6,
        "hp": 88,
        "id": 2,
        "movePoints": 9,
        "name": "Sawa",
        "partyId": "Allies",
      },
      Object {
        "agl": 10,
        "attack": 18,
        "def": 3,
        "hp": 23,
        "id": 4,
        "movePoints": 4,
        "name": "Golem Lord",
        "partyId": "Foes",
      },
    ],
  },
  Object {
    "action": Object {
      "targetAfter": Object {
        "agl": 10,
        "attack": 18,
        "def": 3,
        "hp": 14,
        "id": 4,
        "movePoints": 4,
        "name": "Golem Lord",
        "partyId": "Foes",
      },
      "targetBefore": Object {
        "agl": 10,
        "attack": 18,
        "def": 3,
        "hp": 23,
        "id": 4,
        "movePoints": 4,
        "name": "Golem Lord",
        "partyId": "Foes",
      },
    },
    "actor": Object {
      "agl": 21,
      "attack": 12,
      "def": 6,
      "hp": 88,
      "id": 2,
      "movePoints": 9,
      "name": "Sawa",
      "partyId": "Allies",
    },
    "units": Array [
      Object {
        "agl": 17,
        "attack": 21,
        "def": 12,
        "hp": 120,
        "id": 1,
        "movePoints": 5,
        "name": "Penguin",
        "partyId": "Allies",
      },
      Object {
        "agl": 21,
        "attack": 12,
        "def": 6,
        "hp": 88,
        "id": 2,
        "movePoints": 3,
        "name": "Sawa",
        "partyId": "Allies",
      },
      Object {
        "agl": 10,
        "attack": 18,
        "def": 3,
        "hp": 14,
        "id": 4,
        "movePoints": 4,
        "name": "Golem Lord",
        "partyId": "Foes",
      },
    ],
  },
  Object {
    "action": Object {
      "targetAfter": Object {
        "agl": 10,
        "attack": 18,
        "def": 3,
        "hp": 5,
        "id": 4,
        "movePoints": 14,
        "name": "Golem Lord",
        "partyId": "Foes",
      },
      "targetBefore": Object {
        "agl": 10,
        "attack": 18,
        "def": 3,
        "hp": 14,
        "id": 4,
        "movePoints": 14,
        "name": "Golem Lord",
        "partyId": "Foes",
      },
    },
    "actor": Object {
      "agl": 21,
      "attack": 12,
      "def": 6,
      "hp": 88,
      "id": 2,
      "movePoints": 24,
      "name": "Sawa",
      "partyId": "Allies",
    },
    "units": Array [
      Object {
        "agl": 17,
        "attack": 21,
        "def": 12,
        "hp": 120,
        "id": 1,
        "movePoints": 22,
        "name": "Penguin",
        "partyId": "Allies",
      },
      Object {
        "agl": 21,
        "attack": 12,
        "def": 6,
        "hp": 88,
        "id": 2,
        "movePoints": 18,
        "name": "Sawa",
        "partyId": "Allies",
      },
      Object {
        "agl": 10,
        "attack": 18,
        "def": 3,
        "hp": 5,
        "id": 4,
        "movePoints": 14,
        "name": "Golem Lord",
        "partyId": "Foes",
      },
    ],
  },
  Object {
    "action": Object {
      "targetAfter": Object {
        "agl": 10,
        "attack": 18,
        "def": 3,
        "hp": -13,
        "id": 4,
        "movePoints": 14,
        "name": "Golem Lord",
        "partyId": "Foes",
      },
      "targetBefore": Object {
        "agl": 10,
        "attack": 18,
        "def": 3,
        "hp": 5,
        "id": 4,
        "movePoints": 14,
        "name": "Golem Lord",
        "partyId": "Foes",
      },
    },
    "actor": Object {
      "agl": 17,
      "attack": 21,
      "def": 12,
      "hp": 120,
      "id": 1,
      "movePoints": 22,
      "name": "Penguin",
      "partyId": "Allies",
    },
    "units": Array [
      Object {
        "agl": 17,
        "attack": 21,
        "def": 12,
        "hp": 120,
        "id": 1,
        "movePoints": 16,
        "name": "Penguin",
        "partyId": "Allies",
      },
      Object {
        "agl": 21,
        "attack": 12,
        "def": 6,
        "hp": 88,
        "id": 2,
        "movePoints": 18,
        "name": "Sawa",
        "partyId": "Allies",
      },
    ],
  },
]
`;
